2026-05-22 10:21:16 | INFO     | src.utils.utils                | Logging initialized — level=INFO  file=logs\run_20260522_132116.log
2026-05-22 10:21:16 | INFO     | __main__                       | === gestionHvsA-adrsArgy | mode=historical ===
2026-05-22 10:21:16 | INFO     | src.utils.utils                | [START] historical data download
2026-05-22 10:21:16 | INFO     | src.data.loader                | Starting historical download: 2015-01-01 → 2023-12-01 | tickers: ['YPF', 'GGAL', 'BMA', 'PAM', 'TGS', 'CEPU', 'EDN', 'LOMA', 'CRESY', 'IRS']
2026-05-22 10:21:25 | INFO     | src.data.downloader            | [YPF] 466 weekly rows (2015-01-01 → 2023-11-30)
2026-05-22 10:21:25 | INFO     | src.data.downloader            | [GGAL] 466 weekly rows (2015-01-01 → 2023-11-30)
2026-05-22 10:21:25 | INFO     | src.data.downloader            | [BMA] 466 weekly rows (2015-01-01 → 2023-11-30)
2026-05-22 10:21:25 | INFO     | src.data.downloader            | [PAM] 466 weekly rows (2015-01-01 → 2023-11-30)
2026-05-22 10:21:25 | INFO     | src.data.downloader            | [TGS] 466 weekly rows (2015-01-01 → 2023-11-30)
2026-05-22 10:21:25 | INFO     | src.data.downloader            | [CEPU] 305 weekly rows (2018-01-29 → 2023-11-27)
2026-05-22 10:21:25 | INFO     | src.data.downloader            | [EDN] 466 weekly rows (2015-01-01 → 2023-11-30)
2026-05-22 10:21:25 | INFO     | src.data.downloader            | [LOMA] 318 weekly rows (2017-10-30 → 2023-11-27)
2026-05-22 10:21:25 | INFO     | src.data.downloader            | [CRESY] 466 weekly rows (2015-01-01 → 2023-11-30)
2026-05-22 10:21:25 | INFO     | src.data.downloader            | [IRS] 466 weekly rows (2015-01-01 → 2023-11-30)
2026-05-22 10:21:28 | ERROR    | yfinance                       | $AY24.BA: possibly delisted; no timezone found
2026-05-22 10:21:28 | WARNING  | src.data.scraper_al30d         | [AY24.BA] all sources failed and no cache available
2026-05-22 10:21:31 | ERROR    | yfinance                       | HTTP Error 404: {"quoteSummary":{"result":null,"error":{"code":"Not Found","description":"Quote not found for symbol: AL30D.BA"}}}
2026-05-22 10:21:32 | ERROR    | yfinance                       | $AL30D.BA: possibly delisted; no timezone found
2026-05-22 10:21:32 | WARNING  | src.data.scraper_al30d         | [AL30D.BA] all sources failed and no cache available
2026-05-22 10:21:32 | WARNING  | src.data.scraper_al30d         | sovereign_bond: all sources failed — returning empty series
2026-05-22 10:21:33 | INFO     | src.data.scraper_ccl           | CCL: GGAL ratio fallback used (466 observations)
2026-05-22 10:21:34 | INFO     | src.data.scraper_macro         | [macro/ipc] datos.gob.ar: 93 rows
2026-05-22 10:21:34 | WARNING  | src.data.scraper_macro         | [macro/embi] all sources failed and no cache — NaN series
2026-05-22 10:21:35 | INFO     | src.data.scraper_macro         | [macro/reservas] datos.gob.ar: 108 rows
2026-05-22 10:21:36 | INFO     | src.data.scraper_macro         | [macro/tc_oficial] datos.gob.ar: 3257 rows
2026-05-22 10:21:36 | INFO     | src.utils.utils                | [DONE]  historical data download — 20.28s
